qwery dva dva dva мама.
fds dsfsd мама dsfdf
Done
