-r is set
-v is set
aaa bbbb ccccc ddddd
qq bb 1
abcd dcba qwerty uiop
lol kek mda
Done
